// Jest Snapshot v1, https://goo.gl/fbAQLP

exports[`text-entry:snapshot renders 1`] = `
<div
  className="textEntry"
>
  <br />
  <WithStyles(RawInput)
    correctness="correct"
    inputComponent={null}
    inputProps={Object {}}
    onChange={[Function]}
    value=""
  />
</div>
`;
