// Jest Snapshot v1, https://goo.gl/fbAQLP

exports[`AnswerGrid renders 1`] = `
<div
  className="AnswerGrid-controlsContainer-1"
>
  <table
    className="AnswerGrid-table-13"
  >
    <colgroup>
      <col
        key="col-0"
      />
      <col
        key="col-1"
      />
      <col
        key="col-2"
      />
    </colgroup>
    <thead>
      <tr>
        <th
          className="AnswerGrid-rowHeader-7"
          data-colno="0"
          key="th-0"
          scope="row"
        >
          <div
            className="AnswerGrid-rowItem-8 AnswerGrid-questionText-14"
            dangerouslySetInnerHTML={
              Object {
                "__html": "Column 1",
              }
            }
          />
        </th>
        <th
          className="AnswerGrid-rowHeader-7"
          data-colno="1"
          key="th-1"
          scope="row"
        >
          <div
            className="AnswerGrid-rowItem-8"
            dangerouslySetInnerHTML={
              Object {
                "__html": "Column 2",
              }
            }
          />
        </th>
        <th
          className="AnswerGrid-rowHeader-7"
          data-colno="2"
          key="th-2"
          scope="row"
        >
          <div
            className="AnswerGrid-rowItem-8"
            dangerouslySetInnerHTML={
              Object {
                "__html": "Column 3",
              }
            }
          />
        </th>
      </tr>
    </thead>
    <tbody
      key="row-0"
      role="group"
    >
      <tr
        className="AnswerGrid-separator-9"
      >
        <td
          data-colno="0"
          key="td-title-0"
        >
          <div
            className="AnswerGrid-rowItem-8 AnswerGrid-questionText-14"
            dangerouslySetInnerHTML={
              Object {
                "__html": "Question Text 1",
              }
            }
          />
        </td>
        <td
          className="AnswerGrid-column-2"
          data-colno="1"
          key="td-0-0"
        >
          <div
            className="AnswerGrid-rowItem-8"
          >
            <WithStyles(Radio)
              checked={false}
              className="AnswerGrid-tag-10"
              disabled={false}
              onChange={[Function]}
            />
          </div>
        </td>
        <td
          className="AnswerGrid-column-2"
          data-colno="2"
          key="td-0-1"
        >
          <div
            className="AnswerGrid-rowItem-8"
          >
            <WithStyles(Radio)
              checked={false}
              className="AnswerGrid-tag-10"
              disabled={false}
              onChange={[Function]}
            />
          </div>
        </td>
      </tr>
    </tbody>
    <tbody
      key="row-1"
      role="group"
    >
      <tr
        className="AnswerGrid-separator-9"
      >
        <td
          data-colno="0"
          key="td-title-1"
        >
          <div
            className="AnswerGrid-rowItem-8 AnswerGrid-questionText-14"
            dangerouslySetInnerHTML={
              Object {
                "__html": "Question Text 2",
              }
            }
          />
        </td>
        <td
          className="AnswerGrid-column-2"
          data-colno="1"
          key="td-1-0"
        >
          <div
            className="AnswerGrid-rowItem-8"
          >
            <WithStyles(Radio)
              checked={false}
              className="AnswerGrid-tag-10"
              disabled={false}
              onChange={[Function]}
            />
          </div>
        </td>
        <td
          className="AnswerGrid-column-2"
          data-colno="2"
          key="td-1-1"
        >
          <div
            className="AnswerGrid-rowItem-8"
          >
            <WithStyles(Radio)
              checked={false}
              className="AnswerGrid-tag-10"
              disabled={false}
              onChange={[Function]}
            />
          </div>
        </td>
      </tr>
    </tbody>
    <tbody
      key="row-2"
      role="group"
    >
      <tr
        className="AnswerGrid-separator-9"
      >
        <td
          data-colno="0"
          key="td-title-2"
        >
          <div
            className="AnswerGrid-rowItem-8 AnswerGrid-questionText-14"
            dangerouslySetInnerHTML={
              Object {
                "__html": "Question Text 3",
              }
            }
          />
        </td>
        <td
          className="AnswerGrid-column-2"
          data-colno="1"
          key="td-2-0"
        >
          <div
            className="AnswerGrid-rowItem-8"
          >
            <WithStyles(Radio)
              checked={true}
              className="AnswerGrid-tag-10 AnswerGrid-checked-11"
              disabled={false}
              onChange={[Function]}
            />
          </div>
        </td>
        <td
          className="AnswerGrid-column-2"
          data-colno="2"
          key="td-2-1"
        >
          <div
            className="AnswerGrid-rowItem-8"
          >
            <WithStyles(Radio)
              checked={false}
              className="AnswerGrid-tag-10"
              disabled={false}
              onChange={[Function]}
            />
          </div>
        </td>
      </tr>
    </tbody>
    <tbody
      key="row-3"
      role="group"
    >
      <tr
        className="AnswerGrid-separator-9"
      >
        <td
          data-colno="0"
          key="td-title-3"
        >
          <div
            className="AnswerGrid-rowItem-8 AnswerGrid-questionText-14"
            dangerouslySetInnerHTML={
              Object {
                "__html": "Question Text 4",
              }
            }
          />
        </td>
        <td
          className="AnswerGrid-column-2"
          data-colno="1"
          key="td-3-0"
        >
          <div
            className="AnswerGrid-rowItem-8"
          >
            <WithStyles(Radio)
              checked={false}
              className="AnswerGrid-tag-10"
              disabled={false}
              onChange={[Function]}
            />
          </div>
        </td>
        <td
          className="AnswerGrid-column-2"
          data-colno="2"
          key="td-3-1"
        >
          <div
            className="AnswerGrid-rowItem-8"
          >
            <WithStyles(Radio)
              checked={false}
              className="AnswerGrid-tag-10"
              disabled={false}
              onChange={[Function]}
            />
          </div>
        </td>
      </tr>
    </tbody>
  </table>
</div>
`;
