// Jest Snapshot v1, https://goo.gl/fbAQLP

exports[`Main render renders correctly 1`] = `
<div>
  <_default
    onToggle={[Function]}
    show={false}
    toggled={false}
  />
  <div
    dangerouslySetInnerHTML={
      Object {
        "__html": "Your prompt goes here",
      }
    }
  />
  <WithStyles(AnswerArea)
    disabled={true}
    instanceId="1"
    model={
      Object {
        "config": Object {
          "answers": Array [
            Object {
              "id": 1,
              "title": "Answer 1",
            },
            Object {
              "id": 2,
              "title": "Answer 2",
            },
            Object {
              "id": 3,
              "title": "Answer 3",
            },
            Object {
              "id": 4,
              "title": "Answer 4",
            },
            Object {
              "id": 5,
              "title": "Answer 5",
            },
            Object {
              "id": 6,
              "title": "Answer 6",
            },
          ],
          "prompt": "Your prompt goes here",
          "prompts": Array [
            Object {
              "id": 1,
              "relatedAnswer": 1,
              "title": "Prompt 1",
            },
            Object {
              "id": 3,
              "relatedAnswer": 3,
              "title": "Prompt 3",
            },
            Object {
              "id": 4,
              "relatedAnswer": 4,
              "title": "Prompt 4",
            },
            Object {
              "id": 2,
              "relatedAnswer": 2,
              "title": "Prompt 2",
            },
          ],
        },
        "element": "match-list",
        "feedback": "Incorrect",
        "id": "1",
      }
    }
    onPlaceAnswer={[Function]}
    onRemoveAnswer={[Function]}
    session={
      Object {
        "value": Array [
          1,
          4,
          3,
          2,
        ],
      }
    }
    showCorrect={false}
  />
  <WithStyles(ChoicesList)
    disabled={true}
    instanceId="1"
    model={
      Object {
        "config": Object {
          "answers": Array [
            Object {
              "id": 1,
              "title": "Answer 1",
            },
            Object {
              "id": 2,
              "title": "Answer 2",
            },
            Object {
              "id": 3,
              "title": "Answer 3",
            },
            Object {
              "id": 4,
              "title": "Answer 4",
            },
            Object {
              "id": 5,
              "title": "Answer 5",
            },
            Object {
              "id": 6,
              "title": "Answer 6",
            },
          ],
          "prompt": "Your prompt goes here",
          "prompts": Array [
            Object {
              "id": 1,
              "relatedAnswer": 1,
              "title": "Prompt 1",
            },
            Object {
              "id": 3,
              "relatedAnswer": 3,
              "title": "Prompt 3",
            },
            Object {
              "id": 4,
              "relatedAnswer": 4,
              "title": "Prompt 4",
            },
            Object {
              "id": 2,
              "relatedAnswer": 2,
              "title": "Prompt 2",
            },
          ],
        },
        "element": "match-list",
        "feedback": "Incorrect",
        "id": "1",
      }
    }
    session={
      Object {
        "value": Array [
          1,
          4,
          3,
          2,
        ],
      }
    }
  />
</div>
`;
