// Jest Snapshot v1, https://goo.gl/fbAQLP

exports[`Main snapshot renders 1`] = `
<ContextProvider
  value="1"
>
  <_default
    onToggle={[Function]}
    show={false}
    toggled={false}
  />
  <div
    className="className"
  >
    <WithStyles(Content)
      onDropChoice={[Function]}
      onRemoveChoice={[Function]}
    />
    <WithStyles(Choices) />
  </div>
</ContextProvider>
`;
