// Jest Snapshot v1, https://goo.gl/fbAQLP

exports[`Main render snapshot 1`] = `
<div>
  <br />
  <Root
    backgroundMarks={Array []}
    onChangeMarks={[MockFunction]}
    tools={Array []}
  />
</div>
`;
