// Jest Snapshot v1, https://goo.gl/fbAQLP

exports[`Possible Response snapshots canDrag renders 1`] = `
<ContextConsumer>
  <Component />
</ContextConsumer>
`;

exports[`Possible Response snapshots data renders 1`] = `
<ContextConsumer>
  <Component />
</ContextConsumer>
`;
