// Jest Snapshot v1, https://goo.gl/fbAQLP

exports[`Root snapshots model renders 1`] = `
<ContextProvider
  value={
    Object {
      "dragDropManager": DragDropManagerImpl {
        "backend": HTML5Backend {
          "actions": Object {
            "beginDrag": [Function],
            "drop": [Function],
            "endDrag": [Function],
            "hover": [Function],
            "publishDragSource": [Function],
          },
          "altKeyPressed": false,
          "asyncEndDragFrameId": null,
          "context": Object {},
          "currentDragSourceNode": null,
          "currentNativeHandle": null,
          "currentNativeSource": null,
          "dragEnterTargetIds": Array [],
          "dragOverTargetIds": null,
          "dragStartSourceIds": null,
          "dropTargetIds": Array [],
          "endDragIfSourceWasRemovedFromDOM": [Function],
          "endDragNativeItem": [Function],
          "enterLeaveCounter": EnterLeaveCounter {
            "entered": Array [],
            "isNodeInDocument": [Function],
          },
          "getSourceClientOffset": [Function],
          "handleSelectStart": [Function],
          "handleTopDragEndCapture": [Function],
          "handleTopDragEnter": [Function],
          "handleTopDragEnterCapture": [Function],
          "handleTopDragLeaveCapture": [Function],
          "handleTopDragOver": [Function],
          "handleTopDragOverCapture": [Function],
          "handleTopDragStart": [Function],
          "handleTopDragStartCapture": [Function],
          "handleTopDrop": [Function],
          "handleTopDropCapture": [Function],
          "isNodeInDocument": [Function],
          "monitor": DragDropMonitorImpl {
            "registry": HandlerRegistryImpl {
              "dragSources": Map {},
              "dropTargets": Map {},
              "pinnedSource": null,
              "pinnedSourceId": null,
              "store": Object {
                "dispatch": [Function],
                "getState": [Function],
                "replaceReducer": [Function],
                "subscribe": [Function],
                Symbol(observable): [Function],
              },
              "types": Map {},
            },
            "store": Object {
              "dispatch": [Function],
              "getState": [Function],
              "replaceReducer": [Function],
              "subscribe": [Function],
              Symbol(observable): [Function],
            },
          },
          "mouseMoveTimeoutTimer": null,
          "registry": HandlerRegistryImpl {
            "dragSources": Map {},
            "dropTargets": Map {},
            "pinnedSource": null,
            "pinnedSourceId": null,
            "store": Object {
              "dispatch": [Function],
              "getState": [Function],
              "replaceReducer": [Function],
              "subscribe": [Function],
              Symbol(observable): [Function],
            },
            "types": Map {},
          },
          "sourceNodeOptions": Map {},
          "sourceNodes": Map {},
          "sourcePreviewNodeOptions": Map {},
          "sourcePreviewNodes": Map {},
        },
        "context": Object {},
        "handleRefCountChange": [Function],
        "isSetUp": false,
        "monitor": DragDropMonitorImpl {
          "registry": HandlerRegistryImpl {
            "dragSources": Map {},
            "dropTargets": Map {},
            "pinnedSource": null,
            "pinnedSourceId": null,
            "store": Object {
              "dispatch": [Function],
              "getState": [Function],
              "replaceReducer": [Function],
              "subscribe": [Function],
              Symbol(observable): [Function],
            },
            "types": Map {},
          },
          "store": Object {
            "dispatch": [Function],
            "getState": [Function],
            "replaceReducer": [Function],
            "subscribe": [Function],
            Symbol(observable): [Function],
          },
        },
        "store": Object {
          "dispatch": [Function],
          "getState": [Function],
          "replaceReducer": [Function],
          "subscribe": [Function],
          Symbol(observable): [Function],
        },
      },
    }
  }
>
  <ImageClozeAssociationComponent
    classes={Object {}}
    model={
      Object {
        "answers": Array [
          Object {
            "containerIndex": 0,
            "id": 1,
            "value": "1",
          },
          Object {
            "containerIndex": 1,
            "id": 2,
            "value": "2",
          },
        ],
        "canDrag": true,
        "draggingElement": Object {},
        "duplicateResponses": false,
        "image": Object {},
        "maxResponsePerZone": 5,
        "onAnswerSelect": [Function],
        "onDragAnswerBegin": [Function],
        "onDragAnswerEnd": [Function],
        "possibleResponses": Array [],
        "responseContainers": Array [],
      }
    }
    updateAnswer={[Function]}
  />
</ContextProvider>
`;
